{
    "count": 17,
    "next": null,
    "previous": null,
    "results": [
        {
            "author": "Ean Moody and Open Source Contributors from github.com/open5e-api",
            "copyright": "Open5e.com Copyright 2019.",
            "desc": "Open5e Original Content",
            "license": "Open Gaming License",
            "license_url": "http://open5e.com/legal",
            "organization": "Open5e",
            "slug": "o5e",
            "title": "Open5e Original Content",
            "url": "open5e.com",
            "v2_related_key": "open5e",
            "version": "1.0"
        },
        {
            "author": "Mike Mearls, Jeremy Crawford, Chris Perkins, Rodney Thompson, Peter Lee, James Wyatt, Robert J. Schwalb, Bruce R. Cordell, Chris Sims, and Steve Townshend, based on original material by E. Gary Gygax and Dave Arneson.",
            "copyright": "System Reference Document 5.1 Copyright 2016, Wizards of the Coast, Inc.; Authors Mike Mearls, Jeremy Crawford, Chris Perkins, Rodney Thompson, Peter Lee, James Wyatt, Robert J. Schwalb, Bruce R. Cordell, Chris Sims, and Steve Townshend, based on original material by E. Gary Gygax and Dave Arneson.",
            "desc": "Dungeons and Dragons 5th Edition Systems Reference Document by Wizards of the Coast",
            "license": "Open Gaming License",
            "license_url": "http://open5e.com/legal",
            "organization": "Wizards of the Coast\u2122",
            "slug": "wotc-srd",
            "title": "5e Core Rules",
            "url": "http://dnd.wizards.com/articles/features/systems-reference-document-srd",
            "v2_related_key": "srd",
            "version": "5.1"
        },
        {
            "author": "Chris Harris, Dan Dillon, Rodrigo Garcia Carmona, and Wolfgang Baur",
            "copyright": "Tome of Beasts. Copyright 2016, Open Design; Authors Chris Harris, Dan Dillon, Rodrigo Garcia Carmona, and Wolfgang Baur.",
            "desc": "Tome of Beasts Open-Gaming License Content by Kobold Press",
            "license": "Open Gaming License",
            "license_url": "http://open5e.com/legal",
            "organization": "Kobold Press\u2122",
            "slug": "tob",
            "title": "Tome of Beasts",
            "url": "https://koboldpress.com/kpstore/product/tome-of-beasts-for-5th-edition-print/",
            "v2_related_key": "tob",
            "version": "1.0"
        },
        {
            "author": "Wolfgang Baur, Dan Dillon, Richard Green, James Haeck, Chris Harris, Jeremy Hochhalter, James Introcaso, Chris Lockey, Shawn Merwin, and Jon Sawatsky",
            "copyright": "Creature Codex. \u00a9 2018 Open Design LLC; Authors Wolfgang Baur, Dan Dillon, Richard Green, James Haeck, Chris Harris, Jeremy Hochhalter, James Introcaso, Chris Lockey, Shawn Merwin, and Jon Sawatsky.",
            "desc": "Creature Codex Open-Gaming License Content by Kobold Press",
            "license": "Open Gaming License",
            "license_url": "http://open5e.com/legal",
            "organization": "Kobold Press\u2122",
            "slug": "cc",
            "title": "Creature Codex",
            "url": "https://koboldpress.com/kpstore/product/creature-codex-for-5th-edition-dnd/",
            "v2_related_key": "ccdx",
            "version": "1.0"
        },
        {
            "author": "Wolfgang Baur, Celeste Conowitch, Darrin Drader, James Introcaso, Philip Larwood, Jeff Lee, Kelly Pawlik, Brian Suskind, Mike Welham",
            "copyright": "Tome of Beasts 2. Copyright 2020 Open Design LLC; Authors Wolfgang Baur, Celeste Conowitch, Darrin Drader, James Introcaso, Philip Larwood, Jeff Lee, Kelly Pawlik, Brian Suskind, Mike Welham.",
            "desc": "Tome of Beasts 2 Open-Gaming License Content by Kobold Press",
            "license": "Open Gaming License",
            "license_url": "http://open5e.com/legal",
            "organization": "Kobold Press\u2122",
            "slug": "tob2",
            "title": "Tome of Beasts 2",
            "url": "https://koboldpress.com/kpstore/product/tome-of-beasts-2-for-5th-edition/",
            "v2_related_key": "tob2",
            "version": "1.0"
        },
        {
            "author": "Dan Dillon, Chris Harris, and Jeff Lee",
            "copyright": "Deep Magic for 5th Edition \u00a9 2020 Open Design LLC; Authors: Dan Dillon, Chris Harris, and Jeff Lee.",
            "desc": "Deep Magic Open-Gaming License Content by Kobold Press",
            "license": "Open Gaming License",
            "license_url": "http://open5e.com/legal",
            "organization": "Kobold Press\u2122",
            "slug": "dmag",
            "title": "Deep Magic 5e",
            "url": "https://koboldpress.com/kpstore/product/deep-magic-for-5th-edition-hardcover/",
            "v2_related_key": "deepm",
            "version": "1.0"
        },
        {
            "author": "Paul Hughes",
            "copyright": "Level Up: Advanced 5th Edition Monstrous Menagerie. Copyright 2021, EN Publishing.",
            "desc": "Monstrous Menagerie OGL by EN Publishing",
            "license": "Open Gaming License",
            "license_url": "http://open5e.com/legal",
            "organization": "EN Publishing\u2122",
            "slug": "menagerie",
            "title": "Level Up Advanced 5e Monstrous Menagerie",
            "url": "https://www.levelup5e.com",
            "v2_related_key": "mmenag",
            "version": "1.0"
        },
        {
            "author": "Wolfgang Baur, Celeste Conowitch, Darrin Drader, James Introcaso, Philip Larwood, Jeff Lee, Kelly Pawlik, Brian Suskind, Mike Welham",
            "copyright": "Tome of Beasts 3. \u00a92022 Open Design LLC. All rights reserved.",
            "desc": "Tome of Beasts 3 Open-Gaming License Content by Kobold Press",
            "license": "Open Gaming License",
            "license_url": "http://open5e.com/legal",
            "organization": "Kobold Press\u2122",
            "slug": "tob3",
            "title": "Tome of Beasts 3",
            "url": "https://koboldpress.com/kpstore/product/tome-of-beasts-3-for-5th-edition/",
            "v2_related_key": "tob3",
            "version": "1.0"
        },
        {
            "author": "EN Publishing",
            "copyright": "This work includes material taken from the A5E System Reference Document (A5ESRD) by EN Publishing and available at A5ESRD.com, based on Level Up: Advanced 5th Edition, available at www.levelup5e.com. The A5ESRD is licensed under the Creative Commons Attribution 4.0 International License available at https://creativecommons.org/licenses/by/4.0/legalcode.",
            "desc": "Advanced 5th Edition System Reference Document by EN Publishing",
            "license": "Creative Commons Attribution 4.0 International License",
            "license_url": "http://open5e.com/legal",
            "organization": "EN Publishing\u2122",
            "slug": "a5e",
            "title": "Level Up Advanced 5e",
            "url": "https://a5esrd.com/a5esrd",
            "v2_related_key": "a5e",
            "version": "1.0"
        },
        {
            "author": "Various",
            "copyright": "\u00a9 Open Design LLC",
            "desc": "Kobold Press Community Use Policy",
            "license": "Open Gaming License",
            "license_url": "http://open5e.com/legal",
            "organization": "Kobold Press\u2122",
            "slug": "kp",
            "title": "Kobold Press Compilation",
            "url": "https://koboldpress.com",
            "v2_related_key": "kp",
            "version": "1.0"
        },
        {
            "author": "Various",
            "copyright": "\u00a9 Open Design LLC",
            "desc": "Kobold Press Community Use Policy",
            "license": "Open Gaming License",
            "license_url": "http://open5e.com/legal",
            "organization": "Kobold Press\u2122",
            "slug": "dmag-e",
            "title": "Deep Magic Extended",
            "url": "https://koboldpress.com",
            "v2_related_key": "deepmx",
            "version": "1.0"
        },
        {
            "author": "Various",
            "copyright": "\u00a9 Open Design LLC",
            "desc": "Kobold Press Community Use Policy",
            "license": "Open Gaming License",
            "license_url": "http://open5e.com/legal",
            "organization": "Kobold Press\u2122",
            "slug": "warlock",
            "title": "Warlock Archives",
            "url": "https://koboldpress.com/kpstore/product-category/all-products/warlock-5th-edition-dnd/",
            "v2_related_key": "wz",
            "version": "1.0"
        },
        {
            "author": "Phillip Larwood, Jeff Lee, and Christopher Lockey",
            "copyright": "Vault of Magic. Copyright 2021 Open Design LLC; Authors Phillip Larwood, Jeff Lee, and Christopher Lockey.",
            "desc": "Vault of Magic Open-Gaming License Content by Kobold Press",
            "license": "Open Gaming License",
            "license_url": "http://open5e.com/legal",
            "organization": "Kobold Press\u2122",
            "slug": "vom",
            "title": "Vault of Magic",
            "url": "https://koboldpress.com/kpstore/product/vault-of-magic-for-5th-edition/",
            "v2_related_key": "vom",
            "version": "1.0"
        },
        {
            "author": "Kelly Pawlik, Ben Mcfarland, and Briand Suskind",
            "copyright": "Tome of Heroes. Copyright 2022, Open Design; Authors Kelly Pawlik, Ben Mcfarland, and Briand Suskind.",
            "desc": "Tome of Heroes Open-Gaming License Content by Kobold Press",
            "license": "Open Gaming License",
            "license_url": "http://open5e.com/legal",
            "organization": "Kobold Press\u2122",
            "slug": "toh",
            "title": "Tome of Heroes",
            "url": "https://koboldpress.com/kpstore/product/tome-of-heroes-for-5th-edition/",
            "v2_related_key": "toh",
            "version": "1.0"
        },
        {
            "author": "Matthew Mercer with James Haeck",
            "copyright": "Critical Role: Tal\u2019Dorei Campaign Setting is \u00a92017 Green Ronin Publishing, LLC. All rights reserved.",
            "desc": "Critical Role: Tal\u2019Dorei Campaign Setting by Green Ronin Publishing",
            "license": "Open Gaming License",
            "license_url": "http://open5e.com/legal",
            "organization": "Green Ronin Publishing\u2122",
            "slug": "taldorei",
            "title": "Critical Role: Tal\u2019Dorei Campaign Setting",
            "url": "https://https://greenronin.com/blog/2017/09/25/ronin-round-table-integrating-wizards-5e-adventures-with-the-taldorei-campaign-setting/",
            "v2_related_key": "tdcs",
            "version": "1.0"
        },
        {
            "author": "Kobold Press",
            "copyright": "ORC NOTICE: This product is licensed under the ORC License, located at the Library of Congress at TX 9-307-067, and available online at various locations including koboldpress.com/orclicense and others. All warranties are disclaimed as set forth therein.",
            "desc": "Black Flag Roleplaying Reference Document v0.2, \u00a9 Open Design LLC d/b/a Kobold Press",
            "license": "ORC License",
            "license_url": "https://paizo.com/orclicense",
            "organization": "Kobold Press\u2122",
            "slug": "blackflag",
            "title": "Black Flag SRD",
            "url": "https://koboldpress.com/black-flag-reference-document/",
            "v2_related_key": "bfrd",
            "version": "0.2"
        },
        {
            "author": "Dan Dillon, Chris Harris, Rodrigo Garcia Carmona, Wolfgang Baur",
            "copyright": "Tome of Beasts. 2023 Open Design LLC. All rights reserved.",
            "desc": "Tome of Beasts Open-Gaming License Content by Kobold Press",
            "license": "Open Gaming License",
            "license_url": "http://open5e.com/legal",
            "organization": "Kobold Press\u2122",
            "slug": "tob-2023",
            "title": "Tome of Beasts 2023",
            "url": "https://koboldpress.com/kpstore/product/tome-of-beasts-1-2023-edition/",
            "v2_related_key": "tob-2023",
            "version": "1.0"
        }
    ]
}
