{
    "desc": "An arcane focus is a special item - an orb, a crystal, a rod, a specially constructed staff, a wand-\u00adlike length of wood, or some similar item designed to channel the power of arcane spells. A sorcerer, warlock, or wizard can use such an item as a spellcasting focus.",
    "document": "http://localhost:8000/v2/documents/srd/",
    "items": [
        {
            "armor": null,
            "armor_class": 0,
            "category": "http://localhost:8000/v2/itemcategories/adventuring-gear/",
            "cost": "10.00",
            "damage_immunities": [
                "http://localhost:8000/v2/damagetypes/poison/",
                "http://localhost:8000/v2/damagetypes/psychic/"
            ],
            "damage_resistances": [],
            "damage_vulnerabilities": [],
            "desc": "Can be used as an arcane focus.",
            "document": "http://localhost:8000/v2/documents/srd/",
            "hit_dice": null,
            "hit_points": 0,
            "is_magic_item": false,
            "key": "srd_crystal",
            "name": "Crystal",
            "nonmagical_attack_immunity": false,
            "nonmagical_attack_resistance": false,
            "rarity": null,
            "requires_attunement": false,
            "size": "http://localhost:8000/v2/sizes/tiny/",
            "url": "http://localhost:8000/v2/items/srd_crystal/",
            "weapon": null,
            "weight": "1.000"
        },
        {
            "armor": null,
            "armor_class": 0,
            "category": "http://localhost:8000/v2/itemcategories/adventuring-gear/",
            "cost": "20.00",
            "damage_immunities": [
                "http://localhost:8000/v2/damagetypes/poison/",
                "http://localhost:8000/v2/damagetypes/psychic/"
            ],
            "damage_resistances": [],
            "damage_vulnerabilities": [],
            "desc": "Can be used as an Arcane Focus.",
            "document": "http://localhost:8000/v2/documents/srd/",
            "hit_dice": null,
            "hit_points": 0,
            "is_magic_item": false,
            "key": "srd_orb",
            "name": "Orb",
            "nonmagical_attack_immunity": false,
            "nonmagical_attack_resistance": false,
            "rarity": null,
            "requires_attunement": false,
            "size": "http://localhost:8000/v2/sizes/tiny/",
            "url": "http://localhost:8000/v2/items/srd_orb/",
            "weapon": null,
            "weight": "3.000"
        },
        {
            "armor": null,
            "armor_class": 0,
            "category": "http://localhost:8000/v2/itemcategories/rod/",
            "cost": "10.00",
            "damage_immunities": [
                "http://localhost:8000/v2/damagetypes/poison/",
                "http://localhost:8000/v2/damagetypes/psychic/"
            ],
            "damage_resistances": [],
            "damage_vulnerabilities": [],
            "desc": "Can be used as an arcane focus.",
            "document": "http://localhost:8000/v2/documents/srd/",
            "hit_dice": null,
            "hit_points": 0,
            "is_magic_item": false,
            "key": "srd_rod",
            "name": "Rod",
            "nonmagical_attack_immunity": false,
            "nonmagical_attack_resistance": false,
            "rarity": null,
            "requires_attunement": false,
            "size": "http://localhost:8000/v2/sizes/tiny/",
            "url": "http://localhost:8000/v2/items/srd_rod/",
            "weapon": null,
            "weight": "0.000"
        },
        {
            "armor": null,
            "armor_class": 0,
            "category": "http://localhost:8000/v2/itemcategories/staff/",
            "cost": "5.00",
            "damage_immunities": [
                "http://localhost:8000/v2/damagetypes/poison/",
                "http://localhost:8000/v2/damagetypes/psychic/"
            ],
            "damage_resistances": [],
            "damage_vulnerabilities": [],
            "desc": "Can be used as an arcane focus.",
            "document": "http://localhost:8000/v2/documents/srd/",
            "hit_dice": null,
            "hit_points": 0,
            "is_magic_item": false,
            "key": "srd_staff",
            "name": "Staff",
            "nonmagical_attack_immunity": false,
            "nonmagical_attack_resistance": false,
            "rarity": null,
            "requires_attunement": false,
            "size": "http://localhost:8000/v2/sizes/tiny/",
            "url": "http://localhost:8000/v2/items/srd_staff/",
            "weapon": "http://localhost:8000/v2/weapons/srd_quarterstaff/",
            "weight": "4.000"
        },
        {
            "armor": null,
            "armor_class": 0,
            "category": "http://localhost:8000/v2/itemcategories/wand/",
            "cost": "10.00",
            "damage_immunities": [
                "http://localhost:8000/v2/damagetypes/poison/",
                "http://localhost:8000/v2/damagetypes/psychic/"
            ],
            "damage_resistances": [],
            "damage_vulnerabilities": [],
            "desc": "Can be used as an arcane focus.",
            "document": "http://localhost:8000/v2/documents/srd/",
            "hit_dice": null,
            "hit_points": 0,
            "is_magic_item": false,
            "key": "srd_wand",
            "name": "Wand",
            "nonmagical_attack_immunity": false,
            "nonmagical_attack_resistance": false,
            "rarity": null,
            "requires_attunement": false,
            "size": "http://localhost:8000/v2/sizes/tiny/",
            "url": "http://localhost:8000/v2/items/srd_wand/",
            "weapon": null,
            "weight": "1.000"
        }
    ],
    "key": "arcane-focuses",
    "name": "Arcane Focuses",
    "url": "http://localhost:8000/v2/itemsets/arcane-focuses/"
}
