{
    "ability_scores": {
        "charisma": 8,
        "constitution": 10,
        "dexterity": 14,
        "intelligence": 10,
        "strength": 8,
        "wisdom": 8
    },
    "actions": [
        {
            "action_type": "ACTION",
            "attacks": [
                {
                    "attack_type": "WEAPON",
                    "damage_bonus": null,
                    "damage_die_count": 1,
                    "damage_die_type": "D6",
                    "damage_type": "thunder",
                    "distance_unit": "feet",
                    "extra_damage_bonus": null,
                    "extra_damage_die_count": null,
                    "extra_damage_die_type": null,
                    "extra_damage_type": null,
                    "key": "srd_goblin_scimitar_scimitar-attack",
                    "long_range": null,
                    "name": "Scimitar attack",
                    "parent": "srd_goblin_scimitar",
                    "range": null,
                    "reach": 5.0,
                    "target_creature_only": false,
                    "to_hit_mod": 4
                }
            ],
            "desc": "Melee Weapon Attack: +4 to hit, reach 5 ft., one target. Hit: 5 (1d6 + 2) slashing damage.",
            "form_condition": null,
            "key": "srd_goblin_scimitar",
            "legendary_cost": 1,
            "name": "Scimitar",
            "parent": "srd_goblin",
            "uses_param": null,
            "uses_type": null
        },
        {
            "action_type": "ACTION",
            "attacks": [
                {
                    "attack_type": "WEAPON",
                    "damage_bonus": null,
                    "damage_die_count": 1,
                    "damage_die_type": "D6",
                    "damage_type": "thunder",
                    "distance_unit": "feet",
                    "extra_damage_bonus": null,
                    "extra_damage_die_count": null,
                    "extra_damage_die_type": null,
                    "extra_damage_type": null,
                    "key": "srd_goblin_shortbow_shortbow-attack",
                    "long_range": 320.0,
                    "name": "Shortbow attack",
                    "parent": "srd_goblin_shortbow",
                    "range": 80.0,
                    "reach": null,
                    "target_creature_only": false,
                    "to_hit_mod": 4
                }
            ],
            "desc": "Ranged Weapon Attack: +4 to hit, range 80/320 ft., one target. Hit: 5 (1d6 + 2) piercing damage.",
            "form_condition": null,
            "key": "srd_goblin_shortbow",
            "legendary_cost": 1,
            "name": "Shortbow",
            "parent": "srd_goblin",
            "uses_param": null,
            "uses_type": null
        }
    ],
    "alignment": "neutral evil",
    "armor_class": 15,
    "blindsight_range": null,
    "category": "Monsters",
    "challenge_rating_decimal": "0.250",
    "challenge_rating_text": "1/4",
    "condition_immunities": [],
    "creaturesets": [],
    "damage_immunities": [],
    "damage_resistances": [],
    "damage_vulnerabilities": [],
    "darkvision_range": 60.0,
    "document": "http://localhost:8000/v2/documents/srd/",
    "environments": [
        {
            "aquatic": false,
            "desc": "[None provided]",
            "document": "http://localhost:8000/v2/documents/open5e-e/",
            "interior": false,
            "key": "arctic",
            "name": "Arctic or Tundra",
            "planar": false,
            "url": "http://localhost:8000/v2/environments/arctic/"
        },
        {
            "aquatic": false,
            "desc": "Caves and caverns",
            "document": "http://localhost:8000/v2/documents/open5e-e/",
            "interior": true,
            "key": "caves",
            "name": "Caves",
            "planar": false,
            "url": "http://localhost:8000/v2/environments/caves/"
        },
        {
            "aquatic": false,
            "desc": "[None provided]",
            "document": "http://localhost:8000/v2/documents/open5e-e/",
            "interior": false,
            "key": "desert",
            "name": "Desert",
            "planar": false,
            "url": "http://localhost:8000/v2/environments/desert/"
        },
        {
            "aquatic": false,
            "desc": "[None provided]",
            "document": "http://localhost:8000/v2/documents/open5e-e/",
            "interior": false,
            "key": "forest",
            "name": "Forest or Jungle",
            "planar": false,
            "url": "http://localhost:8000/v2/environments/forest/"
        },
        {
            "aquatic": false,
            "desc": "[None provided]",
            "document": "http://localhost:8000/v2/documents/open5e-e/",
            "interior": false,
            "key": "grassland",
            "name": "Grassland or Plains",
            "planar": false,
            "url": "http://localhost:8000/v2/environments/grassland/"
        },
        {
            "aquatic": false,
            "desc": "[None Provided]",
            "document": "http://localhost:8000/v2/documents/open5e-e/",
            "interior": false,
            "key": "hills",
            "name": "Hills",
            "planar": false,
            "url": "http://localhost:8000/v2/environments/hills/"
        },
        {
            "aquatic": false,
            "desc": "[None provided]",
            "document": "http://localhost:8000/v2/documents/open5e-e/",
            "interior": false,
            "key": "mountain",
            "name": "Mountain",
            "planar": false,
            "url": "http://localhost:8000/v2/environments/mountain/"
        },
        {
            "aquatic": false,
            "desc": "[None provided]",
            "document": "http://localhost:8000/v2/documents/open5e-e/",
            "interior": true,
            "key": "ruins",
            "name": "Ruins",
            "planar": false,
            "url": "http://localhost:8000/v2/environments/ruins/"
        },
        {
            "aquatic": false,
            "desc": "[None provided]",
            "document": "http://localhost:8000/v2/documents/open5e-e/",
            "interior": true,
            "key": "sewer",
            "name": "Sewer",
            "planar": false,
            "url": "http://localhost:8000/v2/environments/sewer/"
        },
        {
            "aquatic": false,
            "desc": "[None provided]",
            "document": "http://localhost:8000/v2/documents/open5e-e/",
            "interior": false,
            "key": "srd_feywild",
            "name": "Feywild",
            "planar": false,
            "url": "http://localhost:8000/v2/environments/srd_feywild/"
        },
        {
            "aquatic": false,
            "desc": "[None provided]",
            "document": "http://localhost:8000/v2/documents/open5e-e/",
            "interior": false,
            "key": "swamp",
            "name": "Swamp or Marsh",
            "planar": false,
            "url": "http://localhost:8000/v2/environments/swamp/"
        },
        {
            "aquatic": false,
            "desc": "[None Provided]",
            "document": "http://localhost:8000/v2/documents/open5e-e/",
            "interior": false,
            "key": "underworld",
            "name": "Underworld",
            "planar": false,
            "url": "http://localhost:8000/v2/environments/underworld/"
        },
        {
            "aquatic": false,
            "desc": "[None provided]",
            "document": "http://localhost:8000/v2/documents/open5e-e/",
            "interior": false,
            "key": "urban",
            "name": "Urban",
            "planar": false,
            "url": "http://localhost:8000/v2/environments/urban/"
        }
    ],
    "experience_points": 50,
    "hit_dice": "2d6",
    "hit_points": 7,
    "key": "srd_goblin",
    "languages": [
        {
            "desc": "Typical speakers are Humans.",
            "document": "http://localhost:8000/v2/documents/srd/",
            "is_exotic": false,
            "is_secret": false,
            "key": "common",
            "name": "Common",
            "script_language": "http://localhost:8000/v2/languages/common/",
            "url": "http://localhost:8000/v2/languages/common/"
        },
        {
            "desc": "Typical speakers are goblinoids.",
            "document": "http://localhost:8000/v2/documents/srd/",
            "is_exotic": false,
            "is_secret": false,
            "key": "goblin",
            "name": "Goblin",
            "script_language": "http://localhost:8000/v2/languages/dwarvish/",
            "url": "http://localhost:8000/v2/languages/goblin/"
        }
    ],
    "modifiers": {
        "charisma": -1,
        "constitution": 0,
        "dexterity": 2,
        "intelligence": 0,
        "strength": -1,
        "wisdom": -1
    },
    "name": "Goblin",
    "nonmagical_attack_immunity": false,
    "nonmagical_attack_resistance": false,
    "normal_sight_range": 10560.0,
    "passive_perception": 9,
    "saving_throws": {},
    "saving_throws_all": {
        "charisma": -1,
        "constitution": 0,
        "dexterity": 2,
        "intelligence": 0,
        "strength": -1,
        "wisdom": -1
    },
    "size": "http://localhost:8000/v2/sizes/small/",
    "skill_bonuses": {
        "stealth": 6
    },
    "skill_bonuses_all": {
        "acrobatics": 2,
        "animal_handling": -1,
        "arcana": 0,
        "athletics": -1,
        "deception": -1,
        "history": 0,
        "insight": -1,
        "intimidation": -1,
        "investigation": 0,
        "medicine": -1,
        "nature": 0,
        "perception": -1,
        "performance": -1,
        "persuasion": -1,
        "religion": 0,
        "sleight_of_hand": 2,
        "stealth": 6,
        "survival": -1
    },
    "speed": {
        "unit": "feet",
        "walk": 30.0
    },
    "speed_all": {
        "burrow": 0.0,
        "climb": 15.0,
        "crawl": 15.0,
        "fly": 0.0,
        "hover": false,
        "swim": 15.0,
        "unit": "feet",
        "walk": 30.0
    },
    "subcategory": null,
    "traits": [
        {
            "desc": "The goblin can take the Disengage or Hide action as a bonus action on each of its turns.",
            "key": "srd_goblin_nimble-escape",
            "name": "Nimble Escape",
            "parent": "http://localhost:8000/v2/creatures/srd_goblin/",
            "type": null,
            "url": "http://localhost:8000/v2/creaturetraits/srd_goblin_nimble-escape/"
        }
    ],
    "tremorsense_range": null,
    "truesight_range": null,
    "type": "http://localhost:8000/v2/creaturetypes/humanoid/",
    "url": "http://localhost:8000/v2/creatures/srd_goblin/"
}
