{
    "armor": "http://localhost:8000/v2/armor/srd_splint/",
    "armor_class": 0,
    "category": "http://localhost:8000/v2/itemcategories/armor/",
    "cost": "200.00",
    "damage_immunities": [
        "http://localhost:8000/v2/damagetypes/poison/",
        "http://localhost:8000/v2/damagetypes/psychic/"
    ],
    "damage_resistances": [],
    "damage_vulnerabilities": [],
    "desc": "This armor is made of narrow vertical strips of metal riveted to a backing of leather that is worn over cloth padding. Flexible chain mail protects the joints.",
    "document": "http://localhost:8000/v2/documents/srd/",
    "hit_dice": null,
    "hit_points": 0,
    "is_magic_item": false,
    "key": "srd_splint-armor",
    "name": "Splint Armor",
    "nonmagical_attack_immunity": false,
    "nonmagical_attack_resistance": false,
    "rarity": null,
    "requires_attunement": false,
    "size": "http://localhost:8000/v2/sizes/tiny/",
    "url": "http://localhost:8000/v2/items/srd_splint-armor/",
    "weapon": null,
    "weight": "60.000"
}
