{
    "armor": null,
    "armor_class": 0,
    "category": "http://localhost:8000/v2/itemcategories/weapon/",
    "cost": "10.00",
    "damage_immunities": [
        "http://localhost:8000/v2/damagetypes/poison/",
        "http://localhost:8000/v2/damagetypes/psychic/"
    ],
    "damage_resistances": [],
    "damage_vulnerabilities": [],
    "desc": "A short sword.",
    "document": "http://localhost:8000/v2/documents/srd/",
    "hit_dice": null,
    "hit_points": 0,
    "is_magic_item": false,
    "key": "srd_shortsword",
    "name": "Shortsword",
    "nonmagical_attack_immunity": false,
    "nonmagical_attack_resistance": false,
    "rarity": null,
    "requires_attunement": false,
    "size": "http://localhost:8000/v2/sizes/tiny/",
    "url": "http://localhost:8000/v2/items/srd_shortsword/",
    "weapon": "http://localhost:8000/v2/weapons/srd_shortsword/",
    "weight": "2.000"
}
