{
    "benefits": [
        {
            "desc": "You have advantage on attack rolls against a creature you are grappling."
        },
        {
            "desc": "You can use your action to try to pin a creature grappled by you. The creature makes a Strength or Dexterity saving throw against your maneuver DC. On a failure, you and the creature are both restrained until the grapple ends."
        }
    ],
    "desc": "You've developed the skills necessary to hold your own in close-quarters grappling. You gain the following benefits:\r\n* You have advantage on attack rolls against a creature you are grappling.\r\n* You can use your action to try to pin a creature grappled by you. The creature makes a Strength or Dexterity saving throw against your maneuver DC. On a failure, you and the creature are both restrained until the grapple ends.",
    "document": {
        "gamesystem": {
            "key": "o5e",
            "name": "5th Edition"
        },
        "key": "srd",
        "name": "Systems Reference Document",
        "permalink": "https://dnd.wizards.com/resources/systems-reference-document",
        "publisher": {
            "key": "wizards-of-the-coast",
            "name": "Wizards of the Coast"
        }
    },
    "has_prerequisite": true,
    "key": "srd_grappler",
    "name": "Grappler",
    "prerequisite": "Strength 13 or higher",
    "url": "http://localhost:8000/v2/feats/srd_grappler/"
}
