{
    "attack_roll": false,
    "casting_options": [
        {
            "concentration": null,
            "damage_roll": null,
            "duration": null,
            "range": null,
            "shape_size": null,
            "target_count": null,
            "type": "default"
        },
        {
            "concentration": null,
            "damage_roll": "9d6",
            "duration": null,
            "range": null,
            "shape_size": null,
            "target_count": null,
            "type": "slot_level_4"
        },
        {
            "concentration": null,
            "damage_roll": "10d6",
            "duration": null,
            "range": null,
            "shape_size": null,
            "target_count": null,
            "type": "slot_level_5"
        },
        {
            "concentration": null,
            "damage_roll": "11d6",
            "duration": null,
            "range": null,
            "shape_size": null,
            "target_count": null,
            "type": "slot_level_6"
        },
        {
            "concentration": null,
            "damage_roll": "12d6",
            "duration": null,
            "range": null,
            "shape_size": null,
            "target_count": null,
            "type": "slot_level_7"
        },
        {
            "concentration": null,
            "damage_roll": "13d6",
            "duration": null,
            "range": null,
            "shape_size": null,
            "target_count": null,
            "type": "slot_level_8"
        },
        {
            "concentration": null,
            "damage_roll": "14d6",
            "duration": null,
            "range": null,
            "shape_size": null,
            "target_count": null,
            "type": "slot_level_9"
        }
    ],
    "casting_time": "action",
    "classes": [
        {
            "key": "srd_sorcerer",
            "name": "Sorcerer"
        },
        {
            "key": "srd_wizard",
            "name": "Wizard"
        }
    ],
    "concentration": false,
    "damage_roll": "8d6",
    "damage_types": [
        "fire"
    ],
    "desc": "A bright streak flashes from your pointing finger to a point you choose within range and then blossoms with a low roar into an explosion of flame. Each creature in a 20-foot-radius sphere centered on that point must make a dexterity saving throw. A target takes 8d6 fire damage on a failed save, or half as much damage on a successful one. The fire spreads around corners. It ignites flammable objects in the area that aren't being worn or carried.",
    "document": {
        "gamesystem": {
            "key": "o5e",
            "name": "5th Edition"
        },
        "key": "srd",
        "name": "Systems Reference Document",
        "permalink": "https://dnd.wizards.com/resources/systems-reference-document",
        "publisher": {
            "key": "wizards-of-the-coast",
            "name": "Wizards of the Coast"
        }
    },
    "duration": "instantaneous",
    "higher_level": "When you cast this spell using a spell slot of 4th level or higher, the damage increases by 1d6 for each slot level above 3rd.",
    "key": "srd_fireball",
    "level": 3,
    "material": true,
    "material_consumed": false,
    "material_cost": null,
    "material_specified": "A tiny ball of bat guano and sulfur.",
    "name": "Fireball",
    "range": 150.0,
    "range_text": "150 feet",
    "range_unit": "feet",
    "reaction_condition": null,
    "ritual": false,
    "saving_throw_ability": "dexterity",
    "school": "http://localhost:8000/v2/spellschools/evocation/",
    "shape_size": 20.0,
    "shape_size_unit": "feet",
    "shape_type": "sphere",
    "somatic": true,
    "target_count": 1,
    "target_type": "point",
    "url": "http://localhost:8000/v2/spells/srd_fireball/",
    "verbal": true
}
