{
    "desc": "* A stunned creature is incapacitated (see the condition), can\u2019t move, and can speak only falteringly.\r\n* The creature automatically fails Strength and Dexterity saving throws.\r\n* Attack rolls against the creature have advantage.",
    "document": {
        "gamesystem": {
            "key": "o5e",
            "name": "5th Edition"
        },
        "key": "srd",
        "name": "Systems Reference Document",
        "permalink": "https://dnd.wizards.com/resources/systems-reference-document",
        "publisher": {
            "key": "wizards-of-the-coast",
            "name": "Wizards of the Coast"
        }
    },
    "key": "stunned",
    "name": "Stunned",
    "url": "http://localhost:8000/v2/conditions/stunned/"
}
