{
    "desc": "Your halfling character has a number of traits in common with all other halflings.",
    "document": {
        "gamesystem": {
            "key": "o5e",
            "name": "5th Edition"
        },
        "key": "srd",
        "name": "Systems Reference Document",
        "permalink": "https://dnd.wizards.com/resources/systems-reference-document",
        "publisher": {
            "key": "wizards-of-the-coast",
            "name": "Wizards of the Coast"
        }
    },
    "is_subrace": false,
    "key": "srd_halfling",
    "name": "Halfling",
    "subrace_of": null,
    "traits": [
        {
            "desc": "Your Dexterity score increases by 2.",
            "name": "Ability Score Increase"
        },
        {
            "desc": "Your base walking speed is 25 feet.",
            "name": "Speed"
        },
        {
            "desc": "A halfling reaches adulthood at the age of 20 and generally lives into the middle of his or her second century.",
            "name": "Age"
        },
        {
            "desc": "Most halflings are lawful good. As a rule, they are good-hearted and kind, hate to see others in pain, and have no tolerance for oppression. They are also very orderly and traditional, leaning heavily on the support of their community and the comfort of their old ways.",
            "name": "Alignment"
        },
        {
            "desc": "Halflings average about 3 feet tall and weigh about 40 pounds. Your size is Small.",
            "name": "Size"
        },
        {
            "desc": "You can speak, read, and write Common and Halfling. The Halfling language isn't secret, but halflings are loath to share it with others. They write very little, so they don't have a rich body of literature. Their oral tradition, however, is very strong. Almost all halflings speak Common to converse with the people in whose lands they dwell or through which they are traveling.",
            "name": "Languages"
        },
        {
            "desc": "When you roll a 1 on the d20 for an attack roll, ability check, or saving throw, you can reroll the die and must use the new roll.",
            "name": "Lucky"
        },
        {
            "desc": "You have advantage on saving throws against being frightened.",
            "name": "Brave"
        },
        {
            "desc": "You can move through the space of any creature that is of a size larger than yours.",
            "name": "Halfling Nimbleness"
        }
    ],
    "url": "http://localhost:8000/v2/races/srd_halfling/"
}
