{
    "caster_type": null,
    "document": "http://localhost:8000/v2/documents/srd/",
    "features": [
        {
            "desc": "Starting at 3rd level, you can use the bonus action granted by your Cunning Action to make a Dexterity (Sleight of Hand) check, use your thieves' tools to disarm a trap or open a lock, or take the Use an Object action.",
            "feature_type": "CLASS_FEATURE",
            "gained_at": [
                {
                    "detail": "",
                    "level": 3
                }
            ],
            "key": "srd_thief_fast-hands",
            "name": "Fast Hands",
            "table_data": []
        },
        {
            "desc": "When you choose this archetype at 3rd level, you gain the ability to climb faster than normal; climbing no longer costs you extra movement.\r\n\r\nIn addition, when you make a running jump, the distance you cover increases by a number of feet equal to your Dexterity modifier.",
            "feature_type": "CLASS_FEATURE",
            "gained_at": [
                {
                    "detail": "",
                    "level": 3
                }
            ],
            "key": "srd_thief_second-story-work",
            "name": "Second-Story Work",
            "table_data": []
        },
        {
            "desc": "Starting at 9th level, you have advantage on a Dexterity (Stealth) check if you move no more than half your speed on the same turn.",
            "feature_type": "CLASS_FEATURE",
            "gained_at": [
                {
                    "detail": "",
                    "level": 9
                }
            ],
            "key": "srd_thief_supreme-sneak",
            "name": "Supreme Sneak",
            "table_data": []
        },
        {
            "desc": "When you reach 17th level, you have become adept at laying ambushes and quickly escaping danger. You can take two turns during the first round of any combat. You take your first turn at your normal initiative and your second turn at your initiative minus 10. You can't use this feature when you are surprised.",
            "feature_type": "CLASS_FEATURE",
            "gained_at": [
                {
                    "detail": "",
                    "level": 17
                }
            ],
            "key": "srd_thief_thiefs-reflexes",
            "name": "Thief's Reflexes",
            "table_data": []
        },
        {
            "desc": "By 13th level, you have learned enough about the workings of magic that you can improvise the use of items even when they are not intended for you. You ignore all class, race, and level requirements on the use of magic items.",
            "feature_type": "CLASS_FEATURE",
            "gained_at": [
                {
                    "detail": "",
                    "level": 13
                }
            ],
            "key": "srd_thief_use-magic-device",
            "name": "Use Magic Device",
            "table_data": []
        }
    ],
    "hit_dice": null,
    "key": "srd_thief",
    "name": "Thief",
    "saving_throws": [],
    "subclass_of": "http://localhost:8000/v2/classes/srd_rogue/",
    "url": "http://localhost:8000/v2/classes/srd_thief/"
}
