{
    "document": "http://localhost:8000/v2/documents/srd/",
    "key": "weapon",
    "name": "Weapon",
    "url": "http://localhost:8000/v2/itemcategories/weapon/"
}
