{
    "desc": "Typical speakers are demons.",
    "document": "http://localhost:8000/v2/documents/srd/",
    "is_exotic": true,
    "is_secret": false,
    "key": "abyssal",
    "name": "Abyssal",
    "script_language": "http://localhost:8000/v2/languages/infernal/",
    "url": "http://localhost:8000/v2/languages/abyssal/"
}
